---
http_interactions:
- request:
    method: get
    uri: https://dCr8xKB4ab0vZYaeokSKMrUffu326y683z7VJdri:tj1nqoPtBN65F0cTUaSih08v9p06kd515DGAoLQB@api.parse.com/1/classes/Post?where=%7B%7D
    body:
      encoding: US-ASCII
      string: ''
    headers:
      Accept:
      - ! '*/*; q=0.5, application/xml'
      Accept-Encoding:
      - gzip, deflate
      User-Agent:
      - Ruby
  response:
    status:
      code: 200
      message: OK
    headers:
      Cache-Control:
      - max-age=0, private, must-revalidate
      Content-Type:
      - application/json; charset=utf-8
      Date:
      - Mon, 03 Jun 2013 05:42:49 GMT
      Etag:
      - ! '"8aae0d1f74df7aa2e4fb9435e9469a2c"'
      Server:
      - nginx/1.2.2
      Set-Cookie:
      - _parse_session=BAh7BkkiD3Nlc3Npb25faWQGOgZFRiIlNTJjNzQ4ZGQ0YmY5ZjVkNTZlZWViM2EyODBiOTczYWU%3D--6ea257c11dab1d7672c31a7a7cade144f64dcbad;
        domain=.parse.com; path=/; expires=Sat, 03-Jun-2023 05:42:49 GMT; secure;
        HttpOnly
      Status:
      - 200 OK
      X-Runtime:
      - '0.035190'
      X-Ua-Compatible:
      - IE=Edge,chrome=1
      Content-Length:
      - '2103'
      Connection:
      - keep-alive
    body:
      encoding: US-ASCII
      string: ! '{"results":[{"title":"skip","author":"0-author","createdAt":"2013-06-03T05:42:47.890Z","updatedAt":"2013-06-03T05:42:47.890Z","objectId":"rF9VYeP8WD"},{"title":"skip","author":"1-author","createdAt":"2013-06-03T05:42:47.900Z","updatedAt":"2013-06-03T05:42:47.900Z","objectId":"RJ27MjdZE1"},{"title":"skip","author":"2-author","createdAt":"2013-06-03T05:42:47.912Z","updatedAt":"2013-06-03T05:42:47.912Z","objectId":"H1DunIMDkf"},{"title":"skip","author":"3-author","createdAt":"2013-06-03T05:42:47.921Z","updatedAt":"2013-06-03T05:42:47.921Z","objectId":"ZIB4uVCwTq"},{"title":"skip","author":"4-author","createdAt":"2013-06-03T05:42:47.930Z","updatedAt":"2013-06-03T05:42:47.930Z","objectId":"KErDzmPpjE"},{"title":"skip","author":"5-author","createdAt":"2013-06-03T05:42:47.939Z","updatedAt":"2013-06-03T05:42:47.939Z","objectId":"Y79liPkp3c"},{"title":"skip","author":"6-author","createdAt":"2013-06-03T05:42:47.947Z","updatedAt":"2013-06-03T05:42:47.947Z","objectId":"2MpK3fkaLF"},{"title":"skip","author":"7-author","createdAt":"2013-06-03T05:42:47.956Z","updatedAt":"2013-06-03T05:42:47.956Z","objectId":"NSL2K8BKIv"},{"title":"skip","author":"8-author","createdAt":"2013-06-03T05:42:47.964Z","updatedAt":"2013-06-03T05:42:47.964Z","objectId":"tSESi3ZH10"},{"title":"skip","author":"9-author","createdAt":"2013-06-03T05:42:47.972Z","updatedAt":"2013-06-03T05:42:47.972Z","objectId":"EBpvjlciyJ"},{"title":"skip","author":"10-author","createdAt":"2013-06-03T05:42:47.981Z","updatedAt":"2013-06-03T05:42:47.981Z","objectId":"nG6UFkCq3g"},{"title":"skip","author":"11-author","createdAt":"2013-06-03T05:42:48.004Z","updatedAt":"2013-06-03T05:42:48.004Z","objectId":"yvC1zh0VcS"},{"title":"skip","author":"12-author","createdAt":"2013-06-03T05:42:48.012Z","updatedAt":"2013-06-03T05:42:48.012Z","objectId":"R3hp1NJOYh"},{"title":"skip","author":"13-author","createdAt":"2013-06-03T05:42:48.021Z","updatedAt":"2013-06-03T05:42:48.021Z","objectId":"UZlmK56KbV"},{"title":"skip","author":"14-author","createdAt":"2013-06-03T05:42:48.029Z","updatedAt":"2013-06-03T05:42:48.029Z","objectId":"o1E7XpynZX"}]}'
    http_version: 
  recorded_at: Mon, 03 Jun 2013 05:42:49 GMT
- request:
    method: post
    uri: https://dCr8xKB4ab0vZYaeokSKMrUffu326y683z7VJdri:tj1nqoPtBN65F0cTUaSih08v9p06kd515DGAoLQB@api.parse.com/1/batch
    body:
      encoding: UTF-8
      string: ! '{"requests":[{"method":"DELETE","path":"/1/classes/Post/rF9VYeP8WD"},{"method":"DELETE","path":"/1/classes/Post/RJ27MjdZE1"},{"method":"DELETE","path":"/1/classes/Post/H1DunIMDkf"},{"method":"DELETE","path":"/1/classes/Post/ZIB4uVCwTq"},{"method":"DELETE","path":"/1/classes/Post/KErDzmPpjE"},{"method":"DELETE","path":"/1/classes/Post/Y79liPkp3c"},{"method":"DELETE","path":"/1/classes/Post/2MpK3fkaLF"},{"method":"DELETE","path":"/1/classes/Post/NSL2K8BKIv"},{"method":"DELETE","path":"/1/classes/Post/tSESi3ZH10"},{"method":"DELETE","path":"/1/classes/Post/EBpvjlciyJ"},{"method":"DELETE","path":"/1/classes/Post/nG6UFkCq3g"},{"method":"DELETE","path":"/1/classes/Post/yvC1zh0VcS"},{"method":"DELETE","path":"/1/classes/Post/R3hp1NJOYh"},{"method":"DELETE","path":"/1/classes/Post/UZlmK56KbV"},{"method":"DELETE","path":"/1/classes/Post/o1E7XpynZX"}]}'
    headers:
      Accept:
      - ! '*/*; q=0.5, application/xml'
      Accept-Encoding:
      - gzip, deflate
      Content-Type:
      - application/json
      Content-Length:
      - '854'
      User-Agent:
      - Ruby
  response:
    status:
      code: 200
      message: OK
    headers:
      Cache-Control:
      - max-age=0, private, must-revalidate
      Content-Type:
      - application/json; charset=utf-8
      Date:
      - Mon, 03 Jun 2013 05:42:50 GMT
      Etag:
      - ! '"26089d395af4d07f89e77a78b7a6964f"'
      Server:
      - nginx/1.2.2
      Set-Cookie:
      - _parse_session=BAh7BkkiD3Nlc3Npb25faWQGOgZFRiIlYTg5MzNlNmU5NDg2ODdjMmRlN2MxNzc1MmQyMGUzYTA%3D--9cee143fc05bcfe8109a2aa6982a47cc12dd114e;
        domain=.parse.com; path=/; expires=Sat, 03-Jun-2023 05:42:50 GMT; secure;
        HttpOnly
      Status:
      - 200 OK
      X-Runtime:
      - '0.361098'
      X-Ua-Compatible:
      - IE=Edge,chrome=1
      Content-Length:
      - '256'
      Connection:
      - keep-alive
    body:
      encoding: US-ASCII
      string: ! '[{"success":true},{"success":true},{"success":true},{"success":true},{"success":true},{"success":true},{"success":true},{"success":true},{"success":true},{"success":true},{"success":true},{"success":true},{"success":true},{"success":true},{"success":true}]'
    http_version: 
  recorded_at: Mon, 03 Jun 2013 05:42:50 GMT
- request:
    method: post
    uri: https://dCr8xKB4ab0vZYaeokSKMrUffu326y683z7VJdri:tj1nqoPtBN65F0cTUaSih08v9p06kd515DGAoLQB@api.parse.com/1/classes/Post
    body:
      encoding: UTF-8
      string: ! '{"title":"stale title"}'
    headers:
      Accept:
      - ! '*/*; q=0.5, application/xml'
      Accept-Encoding:
      - gzip, deflate
      Content-Type:
      - application/json
      Content-Length:
      - '23'
      User-Agent:
      - Ruby
  response:
    status:
      code: 201
      message: Created
    headers:
      Cache-Control:
      - no-cache
      Content-Type:
      - application/json; charset=utf-8
      Date:
      - Mon, 03 Jun 2013 05:42:50 GMT
      Location:
      - https://api.parse.com/1/classes/Post/HQ6Arq9NX4
      Server:
      - nginx/1.2.2
      Set-Cookie:
      - _parse_session=BAh7BkkiD3Nlc3Npb25faWQGOgZFRiIlNGI3YzI0ODcxZGRiYTE4NTg4YjI2ZGE4ZGE1ZjRhZDQ%3D--ff06f89f6f643241015e4074cb6b1acb2dadcefc;
        domain=.parse.com; path=/; expires=Sat, 03-Jun-2023 05:42:50 GMT; secure;
        HttpOnly
      Status:
      - 201 Created
      X-Runtime:
      - '0.037471'
      X-Ua-Compatible:
      - IE=Edge,chrome=1
      Content-Length:
      - '64'
      Connection:
      - keep-alive
    body:
      encoding: US-ASCII
      string: ! '{"createdAt":"2013-06-03T05:42:50.665Z","objectId":"HQ6Arq9NX4"}'
    http_version: 
  recorded_at: Mon, 03 Jun 2013 05:42:50 GMT
- request:
    method: put
    uri: https://dCr8xKB4ab0vZYaeokSKMrUffu326y683z7VJdri:tj1nqoPtBN65F0cTUaSih08v9p06kd515DGAoLQB@api.parse.com/1/classes/Post/HQ6Arq9NX4
    body:
      encoding: UTF-8
      string: ! '{"title":"updated title"}'
    headers:
      Accept:
      - ! '*/*; q=0.5, application/xml'
      Accept-Encoding:
      - gzip, deflate
      Content-Type:
      - application/json
      Content-Length:
      - '25'
      User-Agent:
      - Ruby
  response:
    status:
      code: 200
      message: OK
    headers:
      Cache-Control:
      - max-age=0, private, must-revalidate
      Content-Type:
      - application/json; charset=utf-8
      Date:
      - Mon, 03 Jun 2013 05:42:51 GMT
      Etag:
      - ! '"a3c773189d2d51a23ed3a30753b3c847"'
      Server:
      - nginx/1.2.2
      Set-Cookie:
      - _parse_session=BAh7BkkiD3Nlc3Npb25faWQGOgZFRiIlMDMwYTMxZTJkMDBjODAwMjE4OWZkNzFhZTU2MzM0NDk%3D--1f4e8ce90b441e4db814b91ab9c1d2e21750a282;
        domain=.parse.com; path=/; expires=Sat, 03-Jun-2023 05:42:51 GMT; secure;
        HttpOnly
      Status:
      - 200 OK
      X-Runtime:
      - '0.035743'
      X-Ua-Compatible:
      - IE=Edge,chrome=1
      Content-Length:
      - '40'
      Connection:
      - keep-alive
    body:
      encoding: US-ASCII
      string: ! '{"updatedAt":"2013-06-03T05:42:51.180Z"}'
    http_version: 
  recorded_at: Mon, 03 Jun 2013 05:42:51 GMT
recorded_with: VCR 2.4.0
