---
http_interactions:
- request:
    method: get
    uri: https://dCr8xKB4ab0vZYaeokSKMrUffu326y683z7VJdri:tj1nqoPtBN65F0cTUaSih08v9p06kd515DGAoLQB@api.parse.com/1/classes/Post?where=%7B%7D
    body:
      encoding: US-ASCII
      string: ''
    headers:
      Accept:
      - ! '*/*; q=0.5, application/xml'
      Accept-Encoding:
      - gzip, deflate
      User-Agent:
      - Ruby
  response:
    status:
      code: 200
      message: OK
    headers:
      Cache-Control:
      - max-age=0, private, must-revalidate
      Content-Type:
      - application/json; charset=utf-8
      Date:
      - Mon, 03 Jun 2013 05:41:00 GMT
      Etag:
      - ! '"ec091fc3d74536e4172f0647958d5bfa"'
      Server:
      - nginx/1.2.2
      Set-Cookie:
      - _parse_session=BAh7BkkiD3Nlc3Npb25faWQGOgZFRiIlZTNjMDA1Y2JmYmZlMzY4OTQ0NzFiYjNmYTcxZWQ0NzQ%3D--cb237ca22bd56ab2456db3dd32fc9ddd829234a7;
        domain=.parse.com; path=/; expires=Sat, 03-Jun-2023 05:41:00 GMT; secure;
        HttpOnly
      Status:
      - 200 OK
      X-Runtime:
      - '0.056001'
      X-Ua-Compatible:
      - IE=Edge,chrome=1
      Content-Length:
      - '256'
      Connection:
      - keep-alive
    body:
      encoding: US-ASCII
      string: ! '{"results":[{"title":"11222","createdAt":"2013-06-03T05:40:58.809Z","updatedAt":"2013-06-03T05:40:58.809Z","objectId":"aJnEgfbd8u"},{"title":"112ssd22","createdAt":"2013-06-03T05:40:59.340Z","updatedAt":"2013-06-03T05:40:59.340Z","objectId":"vnYYxyHtV8"}]}'
    http_version: 
  recorded_at: Mon, 03 Jun 2013 05:41:00 GMT
- request:
    method: post
    uri: https://dCr8xKB4ab0vZYaeokSKMrUffu326y683z7VJdri:tj1nqoPtBN65F0cTUaSih08v9p06kd515DGAoLQB@api.parse.com/1/batch
    body:
      encoding: UTF-8
      string: ! '{"requests":[{"method":"DELETE","path":"/1/classes/Post/aJnEgfbd8u"},{"method":"DELETE","path":"/1/classes/Post/vnYYxyHtV8"}]}'
    headers:
      Accept:
      - ! '*/*; q=0.5, application/xml'
      Accept-Encoding:
      - gzip, deflate
      Content-Type:
      - application/json
      Content-Length:
      - '126'
      User-Agent:
      - Ruby
  response:
    status:
      code: 200
      message: OK
    headers:
      Cache-Control:
      - max-age=0, private, must-revalidate
      Content-Type:
      - application/json; charset=utf-8
      Date:
      - Mon, 03 Jun 2013 05:41:00 GMT
      Etag:
      - ! '"9f103a4fc959709a4ff9f7cb2a96d647"'
      Server:
      - nginx/1.2.2
      Set-Cookie:
      - _parse_session=BAh7BkkiD3Nlc3Npb25faWQGOgZFRiIlMmQ5MWRlZDVjM2ZiY2JjMGQ5NGI4MTZmYjVhYTUwOWY%3D--f90c885515ee69dc298d25545a1a2b5a8108a2e2;
        domain=.parse.com; path=/; expires=Sat, 03-Jun-2023 05:41:00 GMT; secure;
        HttpOnly
      Status:
      - 200 OK
      X-Runtime:
      - '0.039416'
      X-Ua-Compatible:
      - IE=Edge,chrome=1
      Content-Length:
      - '35'
      Connection:
      - keep-alive
    body:
      encoding: US-ASCII
      string: ! '[{"success":true},{"success":true}]'
    http_version: 
  recorded_at: Mon, 03 Jun 2013 05:41:00 GMT
- request:
    method: post
    uri: https://dCr8xKB4ab0vZYaeokSKMrUffu326y683z7VJdri:tj1nqoPtBN65F0cTUaSih08v9p06kd515DGAoLQB@api.parse.com/1/classes/Post
    body:
      encoding: UTF-8
      string: ! '{"title":"title1"}'
    headers:
      Accept:
      - ! '*/*; q=0.5, application/xml'
      Accept-Encoding:
      - gzip, deflate
      Content-Type:
      - application/json
      Content-Length:
      - '18'
      User-Agent:
      - Ruby
  response:
    status:
      code: 201
      message: Created
    headers:
      Cache-Control:
      - no-cache
      Content-Type:
      - application/json; charset=utf-8
      Date:
      - Mon, 03 Jun 2013 05:41:01 GMT
      Location:
      - https://api.parse.com/1/classes/Post/Evf89N8scK
      Server:
      - nginx/1.2.2
      Set-Cookie:
      - _parse_session=BAh7BkkiD3Nlc3Npb25faWQGOgZFRiIlODMwNjQyOTg3ZWQ4NmM0Y2YzYjEzMmMwMGNkYzcwYTI%3D--05b7bebd2f70594ebf31eebcc6d23f55060a0300;
        domain=.parse.com; path=/; expires=Sat, 03-Jun-2023 05:41:01 GMT; secure;
        HttpOnly
      Status:
      - 201 Created
      X-Runtime:
      - '0.042466'
      X-Ua-Compatible:
      - IE=Edge,chrome=1
      Content-Length:
      - '64'
      Connection:
      - keep-alive
    body:
      encoding: US-ASCII
      string: ! '{"createdAt":"2013-06-03T05:41:01.247Z","objectId":"Evf89N8scK"}'
    http_version: 
  recorded_at: Mon, 03 Jun 2013 05:41:01 GMT
recorded_with: VCR 2.4.0
