---
http_interactions:
- request:
    method: post
    uri: https://tIcrV2dwbkT7AqjU8Cn8FZFU60hk5qCnMXlJnJQq:H6xYlZzvwBZHUBjoyrFKXkWZoCVfqrmC3ARXMZjq@api.parse.com/1/classes/Event
    body:
      encoding: UTF-8
      string: ! '{"name":"1st"}'
    headers:
      Accept:
      - ! '*/*; q=0.5, application/xml'
      Accept-Encoding:
      - gzip, deflate
      Content-Type:
      - application/json
      Content-Length:
      - '14'
      User-Agent:
      - Ruby
  response:
    status:
      code: 201
      message: Created
    headers:
      Cache-Control:
      - no-cache
      Content-Type:
      - application/json; charset=utf-8
      Date:
      - Wed, 17 Apr 2013 06:27:44 GMT
      Location:
      - https://api.parse.com/1/classes/Event/zUCY2Aal1a
      Server:
      - nginx/1.2.2
      Set-Cookie:
      - _parse_session=BAh7BkkiD3Nlc3Npb25faWQGOgZFRiIlMmZlMjYzYWExYmQ2MjM4Y2Q0NjlhMGRiZWE0MTYyMTk%3D--c9e66100e513cd86d3eefa839dbf9ca32fa86550;
        domain=.parse.com; path=/; expires=Mon, 17-Apr-2023 06:27:44 GMT; secure;
        HttpOnly
      Status:
      - 201 Created
      X-Runtime:
      - '0.033740'
      X-Ua-Compatible:
      - IE=Edge,chrome=1
      Content-Length:
      - '64'
      Connection:
      - keep-alive
    body:
      encoding: US-ASCII
      string: ! '{"createdAt":"2013-04-17T06:27:44.290Z","objectId":"zUCY2Aal1a"}'
    http_version: 
  recorded_at: Wed, 17 Apr 2013 06:27:44 GMT
- request:
    method: post
    uri: https://tIcrV2dwbkT7AqjU8Cn8FZFU60hk5qCnMXlJnJQq:H6xYlZzvwBZHUBjoyrFKXkWZoCVfqrmC3ARXMZjq@api.parse.com/1/classes/Event
    body:
      encoding: UTF-8
      string: ! '{"name":"2nd"}'
    headers:
      Accept:
      - ! '*/*; q=0.5, application/xml'
      Accept-Encoding:
      - gzip, deflate
      Content-Type:
      - application/json
      Content-Length:
      - '14'
      User-Agent:
      - Ruby
  response:
    status:
      code: 201
      message: Created
    headers:
      Cache-Control:
      - no-cache
      Content-Type:
      - application/json; charset=utf-8
      Date:
      - Wed, 17 Apr 2013 06:27:44 GMT
      Location:
      - https://api.parse.com/1/classes/Event/XFG4NncXHM
      Server:
      - nginx/1.2.2
      Set-Cookie:
      - _parse_session=BAh7BkkiD3Nlc3Npb25faWQGOgZFRiIlZWUzYjE3ZWU0NmNlNjUwM2M4MTE5ZmVmMDFkMTA4ODQ%3D--e6fef7ba6c11de39c4e24a410010a8c5b53ce08c;
        domain=.parse.com; path=/; expires=Mon, 17-Apr-2023 06:27:44 GMT; secure;
        HttpOnly
      Status:
      - 201 Created
      X-Runtime:
      - '0.032094'
      X-Ua-Compatible:
      - IE=Edge,chrome=1
      Content-Length:
      - '64'
      Connection:
      - keep-alive
    body:
      encoding: US-ASCII
      string: ! '{"createdAt":"2013-04-17T06:27:44.836Z","objectId":"XFG4NncXHM"}'
    http_version: 
  recorded_at: Wed, 17 Apr 2013 06:27:44 GMT
- request:
    method: get
    uri: https://tIcrV2dwbkT7AqjU8Cn8FZFU60hk5qCnMXlJnJQq:H6xYlZzvwBZHUBjoyrFKXkWZoCVfqrmC3ARXMZjq@api.parse.com/1/classes/Event?order=-name&where=%7B%7D
    body:
      encoding: US-ASCII
      string: ''
    headers:
      Accept:
      - ! '*/*; q=0.5, application/xml'
      Accept-Encoding:
      - gzip, deflate
      User-Agent:
      - Ruby
  response:
    status:
      code: 200
      message: OK
    headers:
      Cache-Control:
      - max-age=0, private, must-revalidate
      Content-Type:
      - application/json; charset=utf-8
      Date:
      - Wed, 17 Apr 2013 06:27:45 GMT
      Etag:
      - ! '"bbd79339fa90ffe78a854fc8afbf95e8"'
      Server:
      - nginx/1.2.2
      Set-Cookie:
      - _parse_session=BAh7BkkiD3Nlc3Npb25faWQGOgZFRiIlMTA4YmI2MTVjNjg5MmNlYjU0MmExYzIxY2U0ODQ5Y2U%3D--48312fd89dc5881c9c785a1f8f7c1aca80ff4e6e;
        domain=.parse.com; path=/; expires=Mon, 17-Apr-2023 06:27:45 GMT; secure;
        HttpOnly
      Status:
      - 200 OK
      X-Runtime:
      - '0.033810'
      X-Ua-Compatible:
      - IE=Edge,chrome=1
      Content-Length:
      - '247'
      Connection:
      - keep-alive
    body:
      encoding: US-ASCII
      string: ! '{"results":[{"name":"2nd","createdAt":"2013-04-17T06:27:44.836Z","updatedAt":"2013-04-17T06:27:44.836Z","objectId":"XFG4NncXHM"},{"name":"1st","createdAt":"2013-04-17T06:27:44.290Z","updatedAt":"2013-04-17T06:27:44.290Z","objectId":"zUCY2Aal1a"}]}'
    http_version: 
  recorded_at: Wed, 17 Apr 2013 06:27:45 GMT
- request:
    method: get
    uri: https://tIcrV2dwbkT7AqjU8Cn8FZFU60hk5qCnMXlJnJQq:H6xYlZzvwBZHUBjoyrFKXkWZoCVfqrmC3ARXMZjq@api.parse.com/1/classes/Event?where=%7B%7D
    body:
      encoding: US-ASCII
      string: ''
    headers:
      Accept:
      - ! '*/*; q=0.5, application/xml'
      Accept-Encoding:
      - gzip, deflate
      User-Agent:
      - Ruby
  response:
    status:
      code: 200
      message: OK
    headers:
      Cache-Control:
      - max-age=0, private, must-revalidate
      Content-Type:
      - application/json; charset=utf-8
      Date:
      - Wed, 17 Apr 2013 06:27:45 GMT
      Etag:
      - ! '"32e3ddd2b68361e77fc15e4c1bf518b9"'
      Server:
      - nginx/1.2.2
      Set-Cookie:
      - _parse_session=BAh7BkkiD3Nlc3Npb25faWQGOgZFRiIlNjM2M2MyMTRlNzg0ZDQ1YTNjZjc0NWEyYjVmYzU2OWM%3D--2610f63cac5310fd9990316e589b1be52ea2b7a4;
        domain=.parse.com; path=/; expires=Mon, 17-Apr-2023 06:27:45 GMT; secure;
        HttpOnly
      Status:
      - 200 OK
      X-Runtime:
      - '0.065128'
      X-Ua-Compatible:
      - IE=Edge,chrome=1
      Content-Length:
      - '247'
      Connection:
      - keep-alive
    body:
      encoding: US-ASCII
      string: ! '{"results":[{"name":"1st","createdAt":"2013-04-17T06:27:44.290Z","updatedAt":"2013-04-17T06:27:44.290Z","objectId":"zUCY2Aal1a"},{"name":"2nd","createdAt":"2013-04-17T06:27:44.836Z","updatedAt":"2013-04-17T06:27:44.836Z","objectId":"XFG4NncXHM"}]}'
    http_version: 
  recorded_at: Wed, 17 Apr 2013 06:27:45 GMT
- request:
    method: post
    uri: https://tIcrV2dwbkT7AqjU8Cn8FZFU60hk5qCnMXlJnJQq:H6xYlZzvwBZHUBjoyrFKXkWZoCVfqrmC3ARXMZjq@api.parse.com/1/batch
    body:
      encoding: UTF-8
      string: ! '{"requests":[{"method":"DELETE","path":"/1/classes/Event/zUCY2Aal1a"},{"method":"DELETE","path":"/1/classes/Event/XFG4NncXHM"}]}'
    headers:
      Accept:
      - ! '*/*; q=0.5, application/xml'
      Accept-Encoding:
      - gzip, deflate
      Content-Type:
      - application/json
      Content-Length:
      - '128'
      User-Agent:
      - Ruby
  response:
    status:
      code: 200
      message: OK
    headers:
      Cache-Control:
      - max-age=0, private, must-revalidate
      Content-Type:
      - application/json; charset=utf-8
      Date:
      - Wed, 17 Apr 2013 06:27:46 GMT
      Etag:
      - ! '"9f103a4fc959709a4ff9f7cb2a96d647"'
      Server:
      - nginx/1.2.2
      Set-Cookie:
      - _parse_session=BAh7BkkiD3Nlc3Npb25faWQGOgZFRiIlNWUwYzM2YjNmODI2ZjhhNGM3MjQ2NTgzYmIxNThmMTU%3D--2fa4a1df74dbefd2f80a8545953e1b270b837179;
        domain=.parse.com; path=/; expires=Mon, 17-Apr-2023 06:27:46 GMT; secure;
        HttpOnly
      Status:
      - 200 OK
      X-Runtime:
      - '0.053619'
      X-Ua-Compatible:
      - IE=Edge,chrome=1
      Content-Length:
      - '35'
      Connection:
      - keep-alive
    body:
      encoding: US-ASCII
      string: ! '[{"success":true},{"success":true}]'
    http_version: 
  recorded_at: Wed, 17 Apr 2013 06:27:46 GMT
- request:
    method: get
    uri: https://FKEzdzDgEyghLDFgIVHYJehVlWpfVtUmEv4MUEkJ:bOYO7usWbrcIbL5L5bPzlYrSonQRvwJecC1XLsuN@api.parse.com/1/classes/Event?where=%7B%7D
    body:
      encoding: US-ASCII
      string: ''
    headers:
      Accept:
      - ! '*/*; q=0.5, application/xml'
      Accept-Encoding:
      - gzip, deflate
      User-Agent:
      - Ruby
  response:
    status:
      code: 200
      message: OK
    headers:
      Cache-Control:
      - max-age=0, private, must-revalidate
      Content-Type:
      - application/json; charset=utf-8
      Date:
      - Wed, 17 Apr 2013 20:08:55 GMT
      Etag:
      - ! '"e2412c1ffbfb6b53a82a9daf665b2c1a"'
      Server:
      - nginx/1.2.2
      Set-Cookie:
      - _parse_session=BAh7BkkiD3Nlc3Npb25faWQGOgZFRiIlOTM0NzI1ODgxMGRhYTczZjFhNzc3NWNhMTQ5NTFkZDA%3D--efbdbcedf329077effa1d3de554effcb6f345cb0;
        domain=.parse.com; path=/; expires=Mon, 17-Apr-2023 20:08:55 GMT; secure;
        HttpOnly
      Status:
      - 200 OK
      X-Runtime:
      - '0.030365'
      X-Ua-Compatible:
      - IE=Edge,chrome=1
      Content-Length:
      - '14'
      Connection:
      - keep-alive
    body:
      encoding: US-ASCII
      string: ! '{"results":[]}'
    http_version: 
  recorded_at: Wed, 17 Apr 2013 20:08:55 GMT
- request:
    method: post
    uri: https://FKEzdzDgEyghLDFgIVHYJehVlWpfVtUmEv4MUEkJ:bOYO7usWbrcIbL5L5bPzlYrSonQRvwJecC1XLsuN@api.parse.com/1/classes/Event
    body:
      encoding: UTF-8
      string: ! '{"name":"1st"}'
    headers:
      Accept:
      - ! '*/*; q=0.5, application/xml'
      Accept-Encoding:
      - gzip, deflate
      Content-Type:
      - application/json
      Content-Length:
      - '14'
      User-Agent:
      - Ruby
  response:
    status:
      code: 201
      message: Created
    headers:
      Cache-Control:
      - no-cache
      Content-Type:
      - application/json; charset=utf-8
      Date:
      - Wed, 17 Apr 2013 20:08:55 GMT
      Location:
      - https://api.parse.com/1/classes/Event/0lCo1V1IBf
      Server:
      - nginx/1.2.2
      Set-Cookie:
      - _parse_session=BAh7BkkiD3Nlc3Npb25faWQGOgZFRiIlY2I4ZGY3N2VhZTU2ZWRjZGQxZWQwYzg4ZWY4NDRkMWY%3D--da068e3ce02ccfa83ba21ab4cfde297d1017ec1c;
        domain=.parse.com; path=/; expires=Mon, 17-Apr-2023 20:08:55 GMT; secure;
        HttpOnly
      Status:
      - 201 Created
      X-Runtime:
      - '0.031592'
      X-Ua-Compatible:
      - IE=Edge,chrome=1
      Content-Length:
      - '64'
      Connection:
      - keep-alive
    body:
      encoding: US-ASCII
      string: ! '{"createdAt":"2013-04-17T20:08:55.383Z","objectId":"0lCo1V1IBf"}'
    http_version: 
  recorded_at: Wed, 17 Apr 2013 20:08:55 GMT
- request:
    method: post
    uri: https://FKEzdzDgEyghLDFgIVHYJehVlWpfVtUmEv4MUEkJ:bOYO7usWbrcIbL5L5bPzlYrSonQRvwJecC1XLsuN@api.parse.com/1/classes/Event
    body:
      encoding: UTF-8
      string: ! '{"name":"2nd"}'
    headers:
      Accept:
      - ! '*/*; q=0.5, application/xml'
      Accept-Encoding:
      - gzip, deflate
      Content-Type:
      - application/json
      Content-Length:
      - '14'
      User-Agent:
      - Ruby
  response:
    status:
      code: 201
      message: Created
    headers:
      Cache-Control:
      - no-cache
      Content-Type:
      - application/json; charset=utf-8
      Date:
      - Wed, 17 Apr 2013 20:08:55 GMT
      Location:
      - https://api.parse.com/1/classes/Event/VYlY9TiWS0
      Server:
      - nginx/1.2.2
      Set-Cookie:
      - _parse_session=BAh7BkkiD3Nlc3Npb25faWQGOgZFRiIlMTcyZWIxNzkzMzMxNWJhZGM1ZGY3YzdlNTIzNmQ1NWI%3D--bf8c6e30387873e5464aa27eed33d09114142a47;
        domain=.parse.com; path=/; expires=Mon, 17-Apr-2023 20:08:55 GMT; secure;
        HttpOnly
      Status:
      - 201 Created
      X-Runtime:
      - '0.042776'
      X-Ua-Compatible:
      - IE=Edge,chrome=1
      Content-Length:
      - '64'
      Connection:
      - keep-alive
    body:
      encoding: US-ASCII
      string: ! '{"createdAt":"2013-04-17T20:08:55.524Z","objectId":"VYlY9TiWS0"}'
    http_version: 
  recorded_at: Wed, 17 Apr 2013 20:08:55 GMT
- request:
    method: get
    uri: https://FKEzdzDgEyghLDFgIVHYJehVlWpfVtUmEv4MUEkJ:bOYO7usWbrcIbL5L5bPzlYrSonQRvwJecC1XLsuN@api.parse.com/1/classes/Event?order=-name&where=%7B%7D
    body:
      encoding: US-ASCII
      string: ''
    headers:
      Accept:
      - ! '*/*; q=0.5, application/xml'
      Accept-Encoding:
      - gzip, deflate
      User-Agent:
      - Ruby
  response:
    status:
      code: 200
      message: OK
    headers:
      Cache-Control:
      - max-age=0, private, must-revalidate
      Content-Type:
      - application/json; charset=utf-8
      Date:
      - Wed, 17 Apr 2013 20:08:55 GMT
      Etag:
      - ! '"8f4261727173981694f60424aed4a603"'
      Server:
      - nginx/1.2.2
      Set-Cookie:
      - _parse_session=BAh7BkkiD3Nlc3Npb25faWQGOgZFRiIlZGE0ZDVmMDE5YTgxMGQzMDYzZDUyNGY4ZWQ0NzYzOTE%3D--d45b5cf50513a4b0a81ebf9713580c048fac90a4;
        domain=.parse.com; path=/; expires=Mon, 17-Apr-2023 20:08:55 GMT; secure;
        HttpOnly
      Status:
      - 200 OK
      X-Runtime:
      - '0.082831'
      X-Ua-Compatible:
      - IE=Edge,chrome=1
      Content-Length:
      - '247'
      Connection:
      - keep-alive
    body:
      encoding: US-ASCII
      string: ! '{"results":[{"name":"2nd","createdAt":"2013-04-17T20:08:55.524Z","updatedAt":"2013-04-17T20:08:55.524Z","objectId":"VYlY9TiWS0"},{"name":"1st","createdAt":"2013-04-17T20:08:55.383Z","updatedAt":"2013-04-17T20:08:55.383Z","objectId":"0lCo1V1IBf"}]}'
    http_version: 
  recorded_at: Wed, 17 Apr 2013 20:08:55 GMT
- request:
    method: get
    uri: https://dCr8xKB4ab0vZYaeokSKMrUffu326y683z7VJdri:tj1nqoPtBN65F0cTUaSih08v9p06kd515DGAoLQB@api.parse.com/1/classes/Event?where=%7B%7D
    body:
      encoding: US-ASCII
      string: ''
    headers:
      Accept:
      - ! '*/*; q=0.5, application/xml'
      Accept-Encoding:
      - gzip, deflate
      User-Agent:
      - Ruby
  response:
    status:
      code: 200
      message: OK
    headers:
      Cache-Control:
      - max-age=0, private, must-revalidate
      Content-Type:
      - application/json; charset=utf-8
      Date:
      - Fri, 31 May 2013 18:33:06 GMT
      Etag:
      - ! '"a511cc439aea318776d8832446848574"'
      Server:
      - nginx/1.2.2
      Set-Cookie:
      - _parse_session=BAh7BkkiD3Nlc3Npb25faWQGOgZFRiIlZWUxOGMwMGMwNTkzN2M3ZDg3ZGFiMzMzNWIzZWFhYzA%3D--5d1b36015d073e06373fdd99628d67fa38b696aa;
        domain=.parse.com; path=/; expires=Wed, 31-May-2023 18:33:06 GMT; secure;
        HttpOnly
      Status:
      - 200 OK
      X-Runtime:
      - '0.077273'
      X-Ua-Compatible:
      - IE=Edge,chrome=1
      Content-Length:
      - '247'
      Connection:
      - keep-alive
    body:
      encoding: US-ASCII
      string: ! '{"results":[{"name":"1st","createdAt":"2013-05-31T18:25:24.303Z","updatedAt":"2013-05-31T18:25:24.303Z","objectId":"1pcALT8mRP"},{"name":"2nd","createdAt":"2013-05-31T18:25:24.823Z","updatedAt":"2013-05-31T18:25:24.823Z","objectId":"t22jMp6otT"}]}'
    http_version: 
  recorded_at: Fri, 31 May 2013 18:33:06 GMT
- request:
    method: post
    uri: https://dCr8xKB4ab0vZYaeokSKMrUffu326y683z7VJdri:tj1nqoPtBN65F0cTUaSih08v9p06kd515DGAoLQB@api.parse.com/1/batch
    body:
      encoding: UTF-8
      string: ! '{"requests":[{"method":"DELETE","path":"/1/classes/Event/1pcALT8mRP"},{"method":"DELETE","path":"/1/classes/Event/t22jMp6otT"}]}'
    headers:
      Accept:
      - ! '*/*; q=0.5, application/xml'
      Accept-Encoding:
      - gzip, deflate
      Content-Type:
      - application/json
      Content-Length:
      - '128'
      User-Agent:
      - Ruby
  response:
    status:
      code: 200
      message: OK
    headers:
      Cache-Control:
      - max-age=0, private, must-revalidate
      Content-Type:
      - application/json; charset=utf-8
      Date:
      - Fri, 31 May 2013 18:33:06 GMT
      Etag:
      - ! '"9f103a4fc959709a4ff9f7cb2a96d647"'
      Server:
      - nginx/1.2.2
      Set-Cookie:
      - _parse_session=BAh7BkkiD3Nlc3Npb25faWQGOgZFRiIlMTNiNjM1ODBmNGRkYmI4MWEyYWQ3NzAwY2RmNjEzZDY%3D--e588ec61962da419af909fd83ba1243058133498;
        domain=.parse.com; path=/; expires=Wed, 31-May-2023 18:33:06 GMT; secure;
        HttpOnly
      Status:
      - 200 OK
      X-Runtime:
      - '0.119258'
      X-Ua-Compatible:
      - IE=Edge,chrome=1
      Content-Length:
      - '35'
      Connection:
      - keep-alive
    body:
      encoding: US-ASCII
      string: ! '[{"success":true},{"success":true}]'
    http_version: 
  recorded_at: Fri, 31 May 2013 18:33:07 GMT
- request:
    method: post
    uri: https://dCr8xKB4ab0vZYaeokSKMrUffu326y683z7VJdri:tj1nqoPtBN65F0cTUaSih08v9p06kd515DGAoLQB@api.parse.com/1/classes/Event
    body:
      encoding: UTF-8
      string: ! '{"name":"1st"}'
    headers:
      Accept:
      - ! '*/*; q=0.5, application/xml'
      Accept-Encoding:
      - gzip, deflate
      Content-Type:
      - application/json
      Content-Length:
      - '14'
      User-Agent:
      - Ruby
  response:
    status:
      code: 201
      message: Created
    headers:
      Cache-Control:
      - no-cache
      Content-Type:
      - application/json; charset=utf-8
      Date:
      - Fri, 31 May 2013 18:33:07 GMT
      Location:
      - https://api.parse.com/1/classes/Event/uEbdNZRsgB
      Server:
      - nginx/1.2.2
      Set-Cookie:
      - _parse_session=BAh7BkkiD3Nlc3Npb25faWQGOgZFRiIlMTM0NWUxMzU2NWQ2NTE4MDlhMzU1OTYxMzhkNDVhNmU%3D--a352e1c151edbd24110e52d405b0346c7cfadc34;
        domain=.parse.com; path=/; expires=Wed, 31-May-2023 18:33:07 GMT; secure;
        HttpOnly
      Status:
      - 201 Created
      X-Runtime:
      - '0.064311'
      X-Ua-Compatible:
      - IE=Edge,chrome=1
      Content-Length:
      - '64'
      Connection:
      - keep-alive
    body:
      encoding: US-ASCII
      string: ! '{"createdAt":"2013-05-31T18:33:07.279Z","objectId":"uEbdNZRsgB"}'
    http_version: 
  recorded_at: Fri, 31 May 2013 18:33:08 GMT
- request:
    method: post
    uri: https://dCr8xKB4ab0vZYaeokSKMrUffu326y683z7VJdri:tj1nqoPtBN65F0cTUaSih08v9p06kd515DGAoLQB@api.parse.com/1/classes/Event
    body:
      encoding: UTF-8
      string: ! '{"name":"2nd"}'
    headers:
      Accept:
      - ! '*/*; q=0.5, application/xml'
      Accept-Encoding:
      - gzip, deflate
      Content-Type:
      - application/json
      Content-Length:
      - '14'
      User-Agent:
      - Ruby
  response:
    status:
      code: 201
      message: Created
    headers:
      Cache-Control:
      - no-cache
      Content-Type:
      - application/json; charset=utf-8
      Date:
      - Fri, 31 May 2013 18:33:07 GMT
      Location:
      - https://api.parse.com/1/classes/Event/DvREzNvx5A
      Server:
      - nginx/1.2.2
      Set-Cookie:
      - _parse_session=BAh7BkkiD3Nlc3Npb25faWQGOgZFRiIlNjg0MDZiOWZkZDE2ZDVlOTQxZTNiYTk4NjgxZWZjMGI%3D--594f899d1a90a9993658bbc818fcc6e5f3e4100d;
        domain=.parse.com; path=/; expires=Wed, 31-May-2023 18:33:07 GMT; secure;
        HttpOnly
      Status:
      - 201 Created
      X-Runtime:
      - '0.086920'
      X-Ua-Compatible:
      - IE=Edge,chrome=1
      Content-Length:
      - '64'
      Connection:
      - keep-alive
    body:
      encoding: US-ASCII
      string: ! '{"createdAt":"2013-05-31T18:33:07.776Z","objectId":"DvREzNvx5A"}'
    http_version: 
  recorded_at: Fri, 31 May 2013 18:33:08 GMT
- request:
    method: get
    uri: https://dCr8xKB4ab0vZYaeokSKMrUffu326y683z7VJdri:tj1nqoPtBN65F0cTUaSih08v9p06kd515DGAoLQB@api.parse.com/1/classes/Event?order=-name&where=%7B%7D
    body:
      encoding: US-ASCII
      string: ''
    headers:
      Accept:
      - ! '*/*; q=0.5, application/xml'
      Accept-Encoding:
      - gzip, deflate
      User-Agent:
      - Ruby
  response:
    status:
      code: 200
      message: OK
    headers:
      Cache-Control:
      - max-age=0, private, must-revalidate
      Content-Type:
      - application/json; charset=utf-8
      Date:
      - Fri, 31 May 2013 18:33:08 GMT
      Etag:
      - ! '"7e7f56062c44879a4db2580051ed138d"'
      Server:
      - nginx/1.2.2
      Set-Cookie:
      - _parse_session=BAh7BkkiD3Nlc3Npb25faWQGOgZFRiIlZThhMzMxNjkwMDg4NDJkZDViYmE3ZTZmMzMzN2ExZDY%3D--bbf4df902bea0e67468b593ffeb15bad581a58bf;
        domain=.parse.com; path=/; expires=Wed, 31-May-2023 18:33:08 GMT; secure;
        HttpOnly
      Status:
      - 200 OK
      X-Runtime:
      - '0.038794'
      X-Ua-Compatible:
      - IE=Edge,chrome=1
      Content-Length:
      - '247'
      Connection:
      - keep-alive
    body:
      encoding: US-ASCII
      string: ! '{"results":[{"name":"2nd","createdAt":"2013-05-31T18:33:07.776Z","updatedAt":"2013-05-31T18:33:07.776Z","objectId":"DvREzNvx5A"},{"name":"1st","createdAt":"2013-05-31T18:33:07.279Z","updatedAt":"2013-05-31T18:33:07.279Z","objectId":"uEbdNZRsgB"}]}'
    http_version: 
  recorded_at: Fri, 31 May 2013 18:33:08 GMT
recorded_with: VCR 2.4.0
