---
http_interactions:
- request:
    method: get
    uri: https://dCr8xKB4ab0vZYaeokSKMrUffu326y683z7VJdri:tj1nqoPtBN65F0cTUaSih08v9p06kd515DGAoLQB@api.parse.com/1/classes/Spoon?where=%7B%7D
    body:
      encoding: US-ASCII
      string: ''
    headers:
      Accept:
      - ! '*/*; q=0.5, application/xml'
      Accept-Encoding:
      - gzip, deflate
      User-Agent:
      - Ruby
  response:
    status:
      code: 200
      message: OK
    headers:
      Cache-Control:
      - max-age=0, private, must-revalidate
      Content-Type:
      - application/json; charset=utf-8
      Date:
      - Tue, 04 Jun 2013 02:52:10 GMT
      Etag:
      - ! '"86b05d3b29a54a1de0786a61c5f5bea7"'
      Server:
      - nginx/1.2.2
      Set-Cookie:
      - _parse_session=BAh7BkkiD3Nlc3Npb25faWQGOgZFRiIlMDE4ZjUwNjIxMTRjMDU2ZjBhN2U3ZjU3NGNkMTAzMzI%3D--81c5bc383e6bdb99d113849869f3be0c5945c0f5;
        domain=.parse.com; path=/; expires=Sun, 04-Jun-2023 02:52:10 GMT; secure;
        HttpOnly
      Status:
      - 200 OK
      X-Runtime:
      - '0.040992'
      X-Ua-Compatible:
      - IE=Edge,chrome=1
      Content-Length:
      - '147'
      Connection:
      - keep-alive
    body:
      encoding: US-ASCII
      string: ! '{"results":[{"length":"1234567890created!","createdAt":"2013-06-04T02:51:19.339Z","updatedAt":"2013-06-04T02:51:19.339Z","objectId":"gueiU40nQ3"}]}'
    http_version: 
  recorded_at: Tue, 04 Jun 2013 02:52:11 GMT
- request:
    method: post
    uri: https://dCr8xKB4ab0vZYaeokSKMrUffu326y683z7VJdri:tj1nqoPtBN65F0cTUaSih08v9p06kd515DGAoLQB@api.parse.com/1/batch
    body:
      encoding: UTF-8
      string: ! '{"requests":[{"method":"DELETE","path":"/1/classes/Spoon/gueiU40nQ3"}]}'
    headers:
      Accept:
      - ! '*/*; q=0.5, application/xml'
      Accept-Encoding:
      - gzip, deflate
      Content-Type:
      - application/json
      Content-Length:
      - '71'
      User-Agent:
      - Ruby
  response:
    status:
      code: 200
      message: OK
    headers:
      Cache-Control:
      - max-age=0, private, must-revalidate
      Content-Type:
      - application/json; charset=utf-8
      Date:
      - Tue, 04 Jun 2013 02:52:11 GMT
      Etag:
      - ! '"6abe125b20486fefa07552105cea58f3"'
      Server:
      - nginx/1.2.2
      Set-Cookie:
      - _parse_session=BAh7BkkiD3Nlc3Npb25faWQGOgZFRiIlNmYxM2E5NjIxOWMyN2Q1MTlmYTYyYTA1YTMwYmI0ODk%3D--9bbf774add48d90bc5fcb96b67c1628d8bcda2c7;
        domain=.parse.com; path=/; expires=Sun, 04-Jun-2023 02:52:11 GMT; secure;
        HttpOnly
      Status:
      - 200 OK
      X-Runtime:
      - '0.065552'
      X-Ua-Compatible:
      - IE=Edge,chrome=1
      Content-Length:
      - '18'
      Connection:
      - keep-alive
    body:
      encoding: US-ASCII
      string: ! '[{"success":true}]'
    http_version: 
  recorded_at: Tue, 04 Jun 2013 02:52:11 GMT
- request:
    method: post
    uri: https://dCr8xKB4ab0vZYaeokSKMrUffu326y683z7VJdri:tj1nqoPtBN65F0cTUaSih08v9p06kd515DGAoLQB@api.parse.com/1/classes/Spoon
    body:
      encoding: UTF-8
      string: ! '{"length":"Welcome"}'
    headers:
      Accept:
      - ! '*/*; q=0.5, application/xml'
      Accept-Encoding:
      - gzip, deflate
      Content-Type:
      - application/json
      Content-Length:
      - '20'
      User-Agent:
      - Ruby
  response:
    status:
      code: 201
      message: Created
    headers:
      Cache-Control:
      - no-cache
      Content-Type:
      - application/json; charset=utf-8
      Date:
      - Tue, 04 Jun 2013 02:52:11 GMT
      Location:
      - https://api.parse.com/1/classes/Spoon/KmtUaxirWs
      Server:
      - nginx/1.2.2
      Set-Cookie:
      - _parse_session=BAh7BkkiD3Nlc3Npb25faWQGOgZFRiIlMGY4NWM2OTI2ODZhMDY2NzFiMmI3YTE1OTVjZDgzNGE%3D--c060bc1ea8d3e695f4ed93873531964f5b8971e2;
        domain=.parse.com; path=/; expires=Sun, 04-Jun-2023 02:52:11 GMT; secure;
        HttpOnly
      Status:
      - 201 Created
      X-Runtime:
      - '0.043091'
      X-Ua-Compatible:
      - IE=Edge,chrome=1
      Content-Length:
      - '64'
      Connection:
      - keep-alive
    body:
      encoding: US-ASCII
      string: ! '{"createdAt":"2013-06-04T02:52:11.546Z","objectId":"KmtUaxirWs"}'
    http_version: 
  recorded_at: Tue, 04 Jun 2013 02:52:12 GMT
- request:
    method: get
    uri: https://dCr8xKB4ab0vZYaeokSKMrUffu326y683z7VJdri:tj1nqoPtBN65F0cTUaSih08v9p06kd515DGAoLQB@api.parse.com/1/classes/Spoon?limit=1&where=%7B%22objectId%22:%22KmtUaxirWs%22%7D
    body:
      encoding: US-ASCII
      string: ''
    headers:
      Accept:
      - ! '*/*; q=0.5, application/xml'
      Accept-Encoding:
      - gzip, deflate
      User-Agent:
      - Ruby
  response:
    status:
      code: 200
      message: OK
    headers:
      Cache-Control:
      - max-age=0, private, must-revalidate
      Content-Type:
      - application/json; charset=utf-8
      Date:
      - Tue, 04 Jun 2013 02:52:11 GMT
      Etag:
      - ! '"44d662efc542db47bf8cef15baab3f61"'
      Server:
      - nginx/1.2.2
      Set-Cookie:
      - _parse_session=BAh7BkkiD3Nlc3Npb25faWQGOgZFRiIlNmU4Zjk1Y2FkMDAzZjA1M2I5MmYxZDI2ZTMyMmUzYTU%3D--b4885b5ad4f0cff1c39e5703ca1f86898d580c67;
        domain=.parse.com; path=/; expires=Sun, 04-Jun-2023 02:52:11 GMT; secure;
        HttpOnly
      Status:
      - 200 OK
      X-Runtime:
      - '0.076969'
      X-Ua-Compatible:
      - IE=Edge,chrome=1
      Content-Length:
      - '136'
      Connection:
      - keep-alive
    body:
      encoding: US-ASCII
      string: ! '{"results":[{"length":"Welcome","createdAt":"2013-06-04T02:52:11.546Z","updatedAt":"2013-06-04T02:52:11.546Z","objectId":"KmtUaxirWs"}]}'
    http_version: 
  recorded_at: Tue, 04 Jun 2013 02:52:12 GMT
recorded_with: VCR 2.4.0
