---
http_interactions:
- request:
    method: get
    uri: https://dCr8xKB4ab0vZYaeokSKMrUffu326y683z7VJdri:tj1nqoPtBN65F0cTUaSih08v9p06kd515DGAoLQB@api.parse.com/1/classes/Place?where=%7B%7D
    body:
      encoding: US-ASCII
      string: ''
    headers:
      Accept:
      - ! '*/*; q=0.5, application/xml'
      Accept-Encoding:
      - gzip, deflate
      User-Agent:
      - Ruby
  response:
    status:
      code: 200
      message: OK
    headers:
      Cache-Control:
      - max-age=0, private, must-revalidate
      Content-Type:
      - application/json; charset=utf-8
      Date:
      - Tue, 04 Jun 2013 02:52:43 GMT
      Etag:
      - ! '"7e78a13cffc9bf95ac7f3581c1e655f0"'
      Server:
      - nginx/1.2.2
      Set-Cookie:
      - _parse_session=BAh7BkkiD3Nlc3Npb25faWQGOgZFRiIlMTNiOTRlMjk3YWRjNTBhMzBiYzM4NmYwNDBiYTQwMjI%3D--b0d505a927df65f95072a2a9de5db68a1c21b8be;
        domain=.parse.com; path=/; expires=Sun, 04-Jun-2023 02:52:43 GMT; secure;
        HttpOnly
      Status:
      - 200 OK
      X-Runtime:
      - '0.035224'
      X-Ua-Compatible:
      - IE=Edge,chrome=1
      Content-Length:
      - '210'
      Connection:
      - keep-alive
    body:
      encoding: US-ASCII
      string: ! '{"results":[{"location":{"__type":"GeoPoint","latitude":34.09300844216167,"longitude":-118.3780094460731},"createdAt":"2013-06-04T02:52:06.904Z","updatedAt":"2013-06-04T02:52:06.904Z","objectId":"DOxtc2ZRbH"}]}'
    http_version: 
  recorded_at: Tue, 04 Jun 2013 02:52:43 GMT
- request:
    method: post
    uri: https://dCr8xKB4ab0vZYaeokSKMrUffu326y683z7VJdri:tj1nqoPtBN65F0cTUaSih08v9p06kd515DGAoLQB@api.parse.com/1/batch
    body:
      encoding: UTF-8
      string: ! '{"requests":[{"method":"DELETE","path":"/1/classes/Place/DOxtc2ZRbH"}]}'
    headers:
      Accept:
      - ! '*/*; q=0.5, application/xml'
      Accept-Encoding:
      - gzip, deflate
      Content-Type:
      - application/json
      Content-Length:
      - '71'
      User-Agent:
      - Ruby
  response:
    status:
      code: 200
      message: OK
    headers:
      Cache-Control:
      - max-age=0, private, must-revalidate
      Content-Type:
      - application/json; charset=utf-8
      Date:
      - Tue, 04 Jun 2013 02:52:43 GMT
      Etag:
      - ! '"6abe125b20486fefa07552105cea58f3"'
      Server:
      - nginx/1.2.2
      Set-Cookie:
      - _parse_session=BAh7BkkiD3Nlc3Npb25faWQGOgZFRiIlMmUzNTM0NTI5MTBlNGE1NzM5YzdmNzE2NTY5ZDY2NDQ%3D--427b8dd12f52793782d51be36f51f915b335b1cd;
        domain=.parse.com; path=/; expires=Sun, 04-Jun-2023 02:52:43 GMT; secure;
        HttpOnly
      Status:
      - 200 OK
      X-Runtime:
      - '0.047953'
      X-Ua-Compatible:
      - IE=Edge,chrome=1
      Content-Length:
      - '18'
      Connection:
      - keep-alive
    body:
      encoding: US-ASCII
      string: ! '[{"success":true}]'
    http_version: 
  recorded_at: Tue, 04 Jun 2013 02:52:44 GMT
- request:
    method: post
    uri: https://dCr8xKB4ab0vZYaeokSKMrUffu326y683z7VJdri:tj1nqoPtBN65F0cTUaSih08v9p06kd515DGAoLQB@api.parse.com/1/classes/Place
    body:
      encoding: UTF-8
      string: ! '{"location":{"__type":"GeoPoint","latitude":34.09300844216167,"longitude":-118.3780094460731}}'
    headers:
      Accept:
      - ! '*/*; q=0.5, application/xml'
      Accept-Encoding:
      - gzip, deflate
      Content-Type:
      - application/json
      Content-Length:
      - '94'
      User-Agent:
      - Ruby
  response:
    status:
      code: 201
      message: Created
    headers:
      Cache-Control:
      - no-cache
      Content-Type:
      - application/json; charset=utf-8
      Date:
      - Tue, 04 Jun 2013 02:52:44 GMT
      Location:
      - https://api.parse.com/1/classes/Place/EaRx8DfUtV
      Server:
      - nginx/1.2.2
      Set-Cookie:
      - _parse_session=BAh7BkkiD3Nlc3Npb25faWQGOgZFRiIlMzI0ZGQ0M2EwYTdmMDQzOGMwM2U4YWY4ZDFkNjBkNDM%3D--97970d4a7f1ab2705f98f9cac712ae061b7487f8;
        domain=.parse.com; path=/; expires=Sun, 04-Jun-2023 02:52:44 GMT; secure;
        HttpOnly
      Status:
      - 201 Created
      X-Runtime:
      - '0.037467'
      X-Ua-Compatible:
      - IE=Edge,chrome=1
      Content-Length:
      - '64'
      Connection:
      - keep-alive
    body:
      encoding: US-ASCII
      string: ! '{"createdAt":"2013-06-04T02:52:44.104Z","objectId":"EaRx8DfUtV"}'
    http_version: 
  recorded_at: Tue, 04 Jun 2013 02:52:45 GMT
- request:
    method: get
    uri: https://dCr8xKB4ab0vZYaeokSKMrUffu326y683z7VJdri:tj1nqoPtBN65F0cTUaSih08v9p06kd515DGAoLQB@api.parse.com/1/classes/Place?count=1&where=%7B%7D
    body:
      encoding: US-ASCII
      string: ''
    headers:
      Accept:
      - ! '*/*; q=0.5, application/xml'
      Accept-Encoding:
      - gzip, deflate
      User-Agent:
      - Ruby
  response:
    status:
      code: 200
      message: OK
    headers:
      Cache-Control:
      - max-age=0, private, must-revalidate
      Content-Type:
      - application/json; charset=utf-8
      Date:
      - Tue, 04 Jun 2013 02:52:44 GMT
      Etag:
      - ! '"6237a66b5bb740ff51282268f3904c28"'
      Server:
      - nginx/1.2.2
      Set-Cookie:
      - _parse_session=BAh7BkkiD3Nlc3Npb25faWQGOgZFRiIlMGRmN2M2MWJiNTYzOGMwNzU5OGUwMzE5ZDJhZGY2MjE%3D--2d7c2e9a7634ddffcce723ffcfdd0839198cb77c;
        domain=.parse.com; path=/; expires=Sun, 04-Jun-2023 02:52:44 GMT; secure;
        HttpOnly
      Status:
      - 200 OK
      X-Runtime:
      - '0.044012'
      X-Ua-Compatible:
      - IE=Edge,chrome=1
      Content-Length:
      - '220'
      Connection:
      - keep-alive
    body:
      encoding: US-ASCII
      string: ! '{"results":[{"location":{"__type":"GeoPoint","latitude":34.09300844216167,"longitude":-118.3780094460731},"createdAt":"2013-06-04T02:52:44.104Z","updatedAt":"2013-06-04T02:52:44.104Z","objectId":"EaRx8DfUtV"}],"count":1}'
    http_version: 
  recorded_at: Tue, 04 Jun 2013 02:52:45 GMT
- request:
    method: get
    uri: https://api.parse.com/1/classes/Place?where=%7B%7D
    body:
      encoding: US-ASCII
      string: ''
    headers:
      Accept:
      - ! '*/*; q=0.5, application/xml'
      Accept-Encoding:
      - gzip, deflate
      User-Agent:
      - Ruby
  response:
    status:
      code: 401
      message: Unauthorized
    headers:
      Access-Control-Allow-Origin:
      - ! '*'
      Access-Control-Request-Method:
      - ! '*'
      Cache-Control:
      - no-cache
      Content-Type:
      - application/json; charset=utf-8
      Date:
      - Tue, 20 Aug 2013 21:18:38 GMT
      Server:
      - nginx/1.2.2
      Set-Cookie:
      - _parse_session=BAh7BkkiD3Nlc3Npb25faWQGOgZFRiIlYTYzNGMyMjFiMmU0MTgzNzQzMDY0MmM1NGQ3ODMxODA%3D--76b568b0d6234bc960ca4bede28e6b308b8bd8a5;
        domain=.parse.com; path=/; expires=Thu, 19-Sep-2013 21:18:38 GMT; secure;
        HttpOnly
      Status:
      - 401 Unauthorized
      Www-Authenticate:
      - Basic realm="Parse"
      X-Runtime:
      - '0.003731'
      X-Ua-Compatible:
      - IE=Edge,chrome=1
      Content-Length:
      - '24'
      Connection:
      - keep-alive
    body:
      encoding: US-ASCII
      string: ! '{"error":"unauthorized"}'
    http_version: 
  recorded_at: Tue, 20 Aug 2013 21:18:39 GMT
- request:
    method: get
    uri: https://W03euqtGHZS5E2ItUyuUalxptRXQSLQljOk115hQ:4Qo41nBz103elVLzMjnKyILoqbXBlHVsjz84sL0E@api.parse.com/1/classes/Place?where=%7B%7D
    body:
      encoding: US-ASCII
      string: ''
    headers:
      Accept:
      - ! '*/*; q=0.5, application/xml'
      Accept-Encoding:
      - gzip, deflate
      User-Agent:
      - Ruby
  response:
    status:
      code: 200
      message: OK
    headers:
      Cache-Control:
      - max-age=0, private, must-revalidate
      Content-Type:
      - application/json; charset=utf-8
      Date:
      - Tue, 20 Aug 2013 21:22:32 GMT
      Etag:
      - ! '"19fcfd6bc42bb6f79e4e55e1b30e83a4"'
      Server:
      - nginx/1.2.2
      Set-Cookie:
      - _parse_session=BAh7BkkiD3Nlc3Npb25faWQGOgZFRiIlYmM5MzAxNDc3MTU5ZTM2YzgxMDMxODZiMjQ4YWE0YjY%3D--10e66c2db1b6dea8f86ff74b132fc9a8f1fd6e56;
        domain=.parse.com; path=/; expires=Thu, 19-Sep-2013 21:22:32 GMT; secure;
        HttpOnly
      Status:
      - 200 OK
      X-Runtime:
      - '0.049208'
      X-Ua-Compatible:
      - IE=Edge,chrome=1
      Content-Length:
      - '210'
      Connection:
      - keep-alive
    body:
      encoding: US-ASCII
      string: ! '{"results":[{"location":{"__type":"GeoPoint","latitude":34.09300844216167,"longitude":-118.3780094460731},"createdAt":"2013-08-20T21:21:51.744Z","updatedAt":"2013-08-20T21:21:51.744Z","objectId":"bXuXSX1lSq"}]}'
    http_version: 
  recorded_at: Tue, 20 Aug 2013 21:22:32 GMT
- request:
    method: post
    uri: https://W03euqtGHZS5E2ItUyuUalxptRXQSLQljOk115hQ:4Qo41nBz103elVLzMjnKyILoqbXBlHVsjz84sL0E@api.parse.com/1/batch
    body:
      encoding: UTF-8
      string: ! '{"requests":[{"method":"DELETE","path":"/1/classes/Place/bXuXSX1lSq"}]}'
    headers:
      Accept:
      - ! '*/*; q=0.5, application/xml'
      Accept-Encoding:
      - gzip, deflate
      Content-Type:
      - application/json
      Content-Length:
      - '71'
      User-Agent:
      - Ruby
  response:
    status:
      code: 200
      message: OK
    headers:
      Cache-Control:
      - max-age=0, private, must-revalidate
      Content-Type:
      - application/json; charset=utf-8
      Date:
      - Tue, 20 Aug 2013 21:22:33 GMT
      Etag:
      - ! '"6abe125b20486fefa07552105cea58f3"'
      Server:
      - nginx/1.2.2
      Set-Cookie:
      - _parse_session=BAh7BkkiD3Nlc3Npb25faWQGOgZFRiIlY2JlMmMwNjljMDgyMTdhM2ZiNTdjMWEyY2RkNTI1NDY%3D--709d04390a02e4f53656334b9df219e35abac337;
        domain=.parse.com; path=/; expires=Thu, 19-Sep-2013 21:22:33 GMT; secure;
        HttpOnly
      Status:
      - 200 OK
      X-Runtime:
      - '0.042710'
      X-Ua-Compatible:
      - IE=Edge,chrome=1
      Content-Length:
      - '18'
      Connection:
      - keep-alive
    body:
      encoding: US-ASCII
      string: ! '[{"success":true}]'
    http_version: 
  recorded_at: Tue, 20 Aug 2013 21:22:33 GMT
- request:
    method: post
    uri: https://W03euqtGHZS5E2ItUyuUalxptRXQSLQljOk115hQ:4Qo41nBz103elVLzMjnKyILoqbXBlHVsjz84sL0E@api.parse.com/1/classes/Place
    body:
      encoding: UTF-8
      string: ! '{"location":{"__type":"GeoPoint","latitude":34.09300844216167,"longitude":-118.3780094460731}}'
    headers:
      Accept:
      - ! '*/*; q=0.5, application/xml'
      Accept-Encoding:
      - gzip, deflate
      Content-Type:
      - application/json
      Content-Length:
      - '94'
      User-Agent:
      - Ruby
  response:
    status:
      code: 201
      message: Created
    headers:
      Cache-Control:
      - no-cache
      Content-Type:
      - application/json; charset=utf-8
      Date:
      - Tue, 20 Aug 2013 21:22:33 GMT
      Location:
      - https://api.parse.com/1/classes/Place/HTkNGq7ZV6
      Server:
      - nginx/1.2.2
      Set-Cookie:
      - _parse_session=BAh7BkkiD3Nlc3Npb25faWQGOgZFRiIlNjZmNWY4N2Q2ZmFlMzVkZGVkN2RkM2NkZDIwOGNhNWQ%3D--c77796697701d1f43a1c36c0136b21db5c7a17b3;
        domain=.parse.com; path=/; expires=Thu, 19-Sep-2013 21:22:33 GMT; secure;
        HttpOnly
      Status:
      - 201 Created
      X-Runtime:
      - '0.051609'
      X-Ua-Compatible:
      - IE=Edge,chrome=1
      Content-Length:
      - '64'
      Connection:
      - keep-alive
    body:
      encoding: US-ASCII
      string: ! '{"createdAt":"2013-08-20T21:22:33.825Z","objectId":"HTkNGq7ZV6"}'
    http_version: 
  recorded_at: Tue, 20 Aug 2013 21:22:33 GMT
- request:
    method: get
    uri: https://W03euqtGHZS5E2ItUyuUalxptRXQSLQljOk115hQ:4Qo41nBz103elVLzMjnKyILoqbXBlHVsjz84sL0E@api.parse.com/1/classes/Place?count=1&where=%7B%7D
    body:
      encoding: US-ASCII
      string: ''
    headers:
      Accept:
      - ! '*/*; q=0.5, application/xml'
      Accept-Encoding:
      - gzip, deflate
      User-Agent:
      - Ruby
  response:
    status:
      code: 200
      message: OK
    headers:
      Cache-Control:
      - max-age=0, private, must-revalidate
      Content-Type:
      - application/json; charset=utf-8
      Date:
      - Tue, 20 Aug 2013 21:22:34 GMT
      Etag:
      - ! '"4eaa6b1d43761e7d4a6e23fe3436f4ac"'
      Server:
      - nginx/1.2.2
      Set-Cookie:
      - _parse_session=BAh7BkkiD3Nlc3Npb25faWQGOgZFRiIlMTQzMjUyMzQwZTZiZjdhNDM1ODNjM2RjYWUyYmJkZDY%3D--bf2a6ec71fe925e821aeebfc10a8845e2f236b79;
        domain=.parse.com; path=/; expires=Thu, 19-Sep-2013 21:22:34 GMT; secure;
        HttpOnly
      Status:
      - 200 OK
      X-Runtime:
      - '0.055776'
      X-Ua-Compatible:
      - IE=Edge,chrome=1
      Content-Length:
      - '220'
      Connection:
      - keep-alive
    body:
      encoding: US-ASCII
      string: ! '{"results":[{"location":{"__type":"GeoPoint","latitude":34.09300844216167,"longitude":-118.3780094460731},"createdAt":"2013-08-20T21:22:33.825Z","updatedAt":"2013-08-20T21:22:33.825Z","objectId":"HTkNGq7ZV6"}],"count":1}'
    http_version: 
  recorded_at: Tue, 20 Aug 2013 21:22:34 GMT
recorded_with: VCR 2.4.0
