---
http_interactions:
- request:
    method: post
    uri: https://dCr8xKB4ab0vZYaeokSKMrUffu326y683z7VJdri:tj1nqoPtBN65F0cTUaSih08v9p06kd515DGAoLQB@api.parse.com/1/classes/Knife
    body:
      encoding: UTF-8
      string: ! '{"is_shiny":"arbitrary"}'
    headers:
      Accept:
      - ! '*/*; q=0.5, application/xml'
      Accept-Encoding:
      - gzip, deflate
      Content-Type:
      - application/json
      Content-Length:
      - '24'
      User-Agent:
      - Ruby
  response:
    status:
      code: 201
      message: Created
    headers:
      Cache-Control:
      - no-cache
      Content-Type:
      - application/json; charset=utf-8
      Date:
      - Mon, 03 Jun 2013 05:41:23 GMT
      Location:
      - https://api.parse.com/1/classes/Knife/txRVAA1d1m
      Server:
      - nginx/1.2.2
      Set-Cookie:
      - _parse_session=BAh7BkkiD3Nlc3Npb25faWQGOgZFRiIlMDBjYmM0MTU4MjAzOWZmMTVlMzk5OTc1YjZmY2ZjZjk%3D--dd50250960cddd8f29b932f1cf56e2cf7f1f066f;
        domain=.parse.com; path=/; expires=Sat, 03-Jun-2023 05:41:23 GMT; secure;
        HttpOnly
      Status:
      - 201 Created
      X-Runtime:
      - '0.039770'
      X-Ua-Compatible:
      - IE=Edge,chrome=1
      Content-Length:
      - '64'
      Connection:
      - keep-alive
    body:
      encoding: US-ASCII
      string: ! '{"createdAt":"2013-06-03T05:41:23.781Z","objectId":"txRVAA1d1m"}'
    http_version: 
  recorded_at: Mon, 03 Jun 2013 05:41:23 GMT
- request:
    method: get
    uri: https://dCr8xKB4ab0vZYaeokSKMrUffu326y683z7VJdri:tj1nqoPtBN65F0cTUaSih08v9p06kd515DGAoLQB@api.parse.com/1/classes/Knife?where=%7B%7D
    body:
      encoding: US-ASCII
      string: ''
    headers:
      Accept:
      - ! '*/*; q=0.5, application/xml'
      Accept-Encoding:
      - gzip, deflate
      User-Agent:
      - Ruby
  response:
    status:
      code: 200
      message: OK
    headers:
      Cache-Control:
      - max-age=0, private, must-revalidate
      Content-Type:
      - application/json; charset=utf-8
      Date:
      - Mon, 03 Jun 2013 05:41:24 GMT
      Etag:
      - ! '"0ac69f9699f866d2a2ca89fe9fba5d39"'
      Server:
      - nginx/1.2.2
      Set-Cookie:
      - _parse_session=BAh7BkkiD3Nlc3Npb25faWQGOgZFRiIlOThkMmJhNDlhMjI2Yzk3M2FhZWQ0YTFjODY1M2E2Yzk%3D--c53dbb42ffc839493a265490f4f5f6fa39e7613e;
        domain=.parse.com; path=/; expires=Sat, 03-Jun-2023 05:41:24 GMT; secure;
        HttpOnly
      Status:
      - 200 OK
      X-Runtime:
      - '0.060264'
      X-Ua-Compatible:
      - IE=Edge,chrome=1
      Content-Length:
      - '140'
      Connection:
      - keep-alive
    body:
      encoding: US-ASCII
      string: ! '{"results":[{"is_shiny":"arbitrary","createdAt":"2013-06-03T05:41:23.781Z","updatedAt":"2013-06-03T05:41:23.781Z","objectId":"txRVAA1d1m"}]}'
    http_version: 
  recorded_at: Mon, 03 Jun 2013 05:41:24 GMT
- request:
    method: post
    uri: https://dCr8xKB4ab0vZYaeokSKMrUffu326y683z7VJdri:tj1nqoPtBN65F0cTUaSih08v9p06kd515DGAoLQB@api.parse.com/1/batch
    body:
      encoding: UTF-8
      string: ! '{"requests":[{"method":"DELETE","path":"/1/classes/Knife/txRVAA1d1m"}]}'
    headers:
      Accept:
      - ! '*/*; q=0.5, application/xml'
      Accept-Encoding:
      - gzip, deflate
      Content-Type:
      - application/json
      Content-Length:
      - '71'
      User-Agent:
      - Ruby
  response:
    status:
      code: 200
      message: OK
    headers:
      Cache-Control:
      - max-age=0, private, must-revalidate
      Content-Type:
      - application/json; charset=utf-8
      Date:
      - Mon, 03 Jun 2013 05:41:24 GMT
      Etag:
      - ! '"6abe125b20486fefa07552105cea58f3"'
      Server:
      - nginx/1.2.2
      Set-Cookie:
      - _parse_session=BAh7BkkiD3Nlc3Npb25faWQGOgZFRiIlMWZmM2E3YTBkMTY2NzU1NjhmNmZmYjZhMjIwOTk2YTU%3D--5bac655ae592a0e5717676098233e02b7ba9ec85;
        domain=.parse.com; path=/; expires=Sat, 03-Jun-2023 05:41:24 GMT; secure;
        HttpOnly
      Status:
      - 200 OK
      X-Runtime:
      - '0.274945'
      X-Ua-Compatible:
      - IE=Edge,chrome=1
      Content-Length:
      - '18'
      Connection:
      - keep-alive
    body:
      encoding: US-ASCII
      string: ! '[{"success":true}]'
    http_version: 
  recorded_at: Mon, 03 Jun 2013 05:41:25 GMT
- request:
    method: get
    uri: https://dCr8xKB4ab0vZYaeokSKMrUffu326y683z7VJdri:tj1nqoPtBN65F0cTUaSih08v9p06kd515DGAoLQB@api.parse.com/1/classes/Knife?count=1&where=%7B%7D
    body:
      encoding: US-ASCII
      string: ''
    headers:
      Accept:
      - ! '*/*; q=0.5, application/xml'
      Accept-Encoding:
      - gzip, deflate
      User-Agent:
      - Ruby
  response:
    status:
      code: 200
      message: OK
    headers:
      Cache-Control:
      - max-age=0, private, must-revalidate
      Content-Type:
      - application/json; charset=utf-8
      Date:
      - Mon, 03 Jun 2013 05:41:25 GMT
      Etag:
      - ! '"8c97ea0119fb2eb809f32e913cb37202"'
      Server:
      - nginx/1.2.2
      Set-Cookie:
      - _parse_session=BAh7BkkiD3Nlc3Npb25faWQGOgZFRiIlMzQ2MzU0OTNmMThjYzUyZGQwMTU5MTQxMTAzNzFiMGM%3D--26e574fa6d093069f9ce54b40e01c69833cd3cce;
        domain=.parse.com; path=/; expires=Sat, 03-Jun-2023 05:41:25 GMT; secure;
        HttpOnly
      Status:
      - 200 OK
      X-Runtime:
      - '0.058168'
      X-Ua-Compatible:
      - IE=Edge,chrome=1
      Content-Length:
      - '24'
      Connection:
      - keep-alive
    body:
      encoding: US-ASCII
      string: ! '{"results":[],"count":0}'
    http_version: 
  recorded_at: Mon, 03 Jun 2013 05:41:25 GMT
recorded_with: VCR 2.4.0
